
         /\      Grafana   /‾‾/  
    /\  /  \     |\  __   /  /   
   /  \/    \    | |/ /  /   ‾‾\ 
  /          \   |   (  |  (‾)  |
 / __________ \  |_|\_\  \_____/ 


     execution: local
        script: benchmarks/get-by-id-heavy.js
        output: -

     scenarios: (100.00%) 1 scenario, 100 max VUs, 1m30s max duration (incl. graceful stop):
              * default: 100 looping VUs for 1m0s (gracefulStop: 30s)


running (0m01.0s), 100/100 VUs, 1708 complete and 0 interrupted iterations
default   [   1% ] 100 VUs  0m00.4s/1m0s

running (0m02.0s), 100/100 VUs, 6508 complete and 0 interrupted iterations
default   [   2% ] 100 VUs  0m01.4s/1m0s

running (0m03.0s), 100/100 VUs, 11248 complete and 0 interrupted iterations
default   [   4% ] 100 VUs  0m02.4s/1m0s

running (0m04.0s), 100/100 VUs, 15866 complete and 0 interrupted iterations
default   [   6% ] 100 VUs  0m03.4s/1m0s

running (0m05.0s), 100/100 VUs, 20616 complete and 0 interrupted iterations
default   [   7% ] 100 VUs  0m04.4s/1m0s

running (0m06.0s), 100/100 VUs, 25416 complete and 0 interrupted iterations
default   [   9% ] 100 VUs  0m05.4s/1m0s

running (0m07.0s), 100/100 VUs, 30121 complete and 0 interrupted iterations
default   [  11% ] 100 VUs  0m06.4s/1m0s

running (0m08.0s), 100/100 VUs, 34901 complete and 0 interrupted iterations
default   [  12% ] 100 VUs  0m07.4s/1m0s

running (0m09.0s), 100/100 VUs, 39671 complete and 0 interrupted iterations
default   [  14% ] 100 VUs  0m08.4s/1m0s

running (0m10.0s), 100/100 VUs, 44416 complete and 0 interrupted iterations
default   [  16% ] 100 VUs  0m09.4s/1m0s

running (0m11.0s), 100/100 VUs, 49207 complete and 0 interrupted iterations
default   [  17% ] 100 VUs  0m10.4s/1m0s

running (0m12.0s), 100/100 VUs, 53916 complete and 0 interrupted iterations
default   [  19% ] 100 VUs  0m11.4s/1m0s

running (0m13.0s), 100/100 VUs, 58660 complete and 0 interrupted iterations
default   [  21% ] 100 VUs  0m12.4s/1m0s

running (0m14.0s), 100/100 VUs, 63457 complete and 0 interrupted iterations
default   [  22% ] 100 VUs  0m13.4s/1m0s

running (0m15.0s), 100/100 VUs, 68174 complete and 0 interrupted iterations
default   [  24% ] 100 VUs  0m14.4s/1m0s

running (0m16.0s), 100/100 VUs, 72844 complete and 0 interrupted iterations
default   [  26% ] 100 VUs  0m15.4s/1m0s

running (0m17.0s), 100/100 VUs, 77644 complete and 0 interrupted iterations
default   [  27% ] 100 VUs  0m16.4s/1m0s

running (0m18.0s), 100/100 VUs, 82344 complete and 0 interrupted iterations
default   [  29% ] 100 VUs  0m17.4s/1m0s

running (0m19.0s), 100/100 VUs, 87144 complete and 0 interrupted iterations
default   [  31% ] 100 VUs  0m18.4s/1m0s

running (0m20.0s), 100/100 VUs, 91831 complete and 0 interrupted iterations
default   [  32% ] 100 VUs  0m19.4s/1m0s

running (0m21.0s), 100/100 VUs, 96539 complete and 0 interrupted iterations
default   [  34% ] 100 VUs  0m20.4s/1m0s

running (0m22.0s), 100/100 VUs, 101331 complete and 0 interrupted iterations
default   [  36% ] 100 VUs  0m21.4s/1m0s

running (0m23.0s), 100/100 VUs, 105981 complete and 0 interrupted iterations
default   [  37% ] 100 VUs  0m22.4s/1m0s

running (0m24.0s), 100/100 VUs, 110777 complete and 0 interrupted iterations
default   [  39% ] 100 VUs  0m23.4s/1m0s

running (0m25.0s), 100/100 VUs, 115383 complete and 0 interrupted iterations
default   [  41% ] 100 VUs  0m24.4s/1m0s

running (0m26.0s), 100/100 VUs, 120058 complete and 0 interrupted iterations
default   [  42% ] 100 VUs  0m25.4s/1m0s

running (0m27.0s), 100/100 VUs, 124850 complete and 0 interrupted iterations
default   [  44% ] 100 VUs  0m26.4s/1m0s

running (0m28.0s), 100/100 VUs, 129587 complete and 0 interrupted iterations
default   [  46% ] 100 VUs  0m27.4s/1m0s

running (0m29.0s), 100/100 VUs, 134348 complete and 0 interrupted iterations
default   [  47% ] 100 VUs  0m28.4s/1m0s

running (0m30.0s), 100/100 VUs, 139148 complete and 0 interrupted iterations
default   [  49% ] 100 VUs  0m29.4s/1m0s

running (0m31.0s), 100/100 VUs, 143852 complete and 0 interrupted iterations
default   [  51% ] 100 VUs  0m30.4s/1m0s

running (0m32.0s), 100/100 VUs, 148648 complete and 0 interrupted iterations
default   [  52% ] 100 VUs  0m31.4s/1m0s

running (0m33.0s), 100/100 VUs, 153448 complete and 0 interrupted iterations
default   [  54% ] 100 VUs  0m32.4s/1m0s

running (0m34.0s), 100/100 VUs, 158124 complete and 0 interrupted iterations
default   [  56% ] 100 VUs  0m33.4s/1m0s

running (0m35.0s), 100/100 VUs, 162880 complete and 0 interrupted iterations
default   [  57% ] 100 VUs  0m34.4s/1m0s

running (0m36.0s), 100/100 VUs, 167595 complete and 0 interrupted iterations
default   [  59% ] 100 VUs  0m35.4s/1m0s

running (0m37.0s), 100/100 VUs, 172358 complete and 0 interrupted iterations
default   [  61% ] 100 VUs  0m36.4s/1m0s

running (0m38.0s), 100/100 VUs, 177078 complete and 0 interrupted iterations
default   [  62% ] 100 VUs  0m37.4s/1m0s

running (0m39.0s), 100/100 VUs, 181832 complete and 0 interrupted iterations
default   [  64% ] 100 VUs  0m38.4s/1m0s

running (0m40.0s), 100/100 VUs, 186608 complete and 0 interrupted iterations
default   [  66% ] 100 VUs  0m39.4s/1m0s

running (0m41.0s), 100/100 VUs, 191378 complete and 0 interrupted iterations
default   [  67% ] 100 VUs  0m40.4s/1m0s

running (0m42.0s), 100/100 VUs, 196078 complete and 0 interrupted iterations
default   [  69% ] 100 VUs  0m41.4s/1m0s

running (0m43.0s), 100/100 VUs, 200749 complete and 0 interrupted iterations
default   [  71% ] 100 VUs  0m42.4s/1m0s

running (0m44.0s), 100/100 VUs, 205414 complete and 0 interrupted iterations
default   [  72% ] 100 VUs  0m43.4s/1m0s

running (0m45.0s), 100/100 VUs, 210201 complete and 0 interrupted iterations
default   [  74% ] 100 VUs  0m44.4s/1m0s

running (0m46.0s), 100/100 VUs, 214933 complete and 0 interrupted iterations
default   [  76% ] 100 VUs  0m45.4s/1m0s

running (0m47.0s), 100/100 VUs, 219703 complete and 0 interrupted iterations
default   [  77% ] 100 VUs  0m46.4s/1m0s

running (0m48.0s), 100/100 VUs, 224452 complete and 0 interrupted iterations
default   [  79% ] 100 VUs  0m47.4s/1m0s

running (0m49.0s), 100/100 VUs, 229252 complete and 0 interrupted iterations
default   [  81% ] 100 VUs  0m48.4s/1m0s

running (0m50.0s), 100/100 VUs, 233981 complete and 0 interrupted iterations
default   [  82% ] 100 VUs  0m49.4s/1m0s

running (0m51.0s), 100/100 VUs, 238700 complete and 0 interrupted iterations
default   [  84% ] 100 VUs  0m50.4s/1m0s

running (0m52.0s), 100/100 VUs, 243486 complete and 0 interrupted iterations
default   [  86% ] 100 VUs  0m51.4s/1m0s

running (0m53.0s), 100/100 VUs, 248136 complete and 0 interrupted iterations
default   [  87% ] 100 VUs  0m52.4s/1m0s

running (0m54.0s), 100/100 VUs, 252936 complete and 0 interrupted iterations
default   [  89% ] 100 VUs  0m53.4s/1m0s

running (0m55.0s), 100/100 VUs, 257635 complete and 0 interrupted iterations
default   [  91% ] 100 VUs  0m54.4s/1m0s

running (0m56.0s), 100/100 VUs, 262385 complete and 0 interrupted iterations
default   [  92% ] 100 VUs  0m55.4s/1m0s

running (0m57.0s), 100/100 VUs, 267135 complete and 0 interrupted iterations
default   [  94% ] 100 VUs  0m56.4s/1m0s

running (0m58.0s), 100/100 VUs, 271935 complete and 0 interrupted iterations
default   [  96% ] 100 VUs  0m57.4s/1m0s

running (0m59.0s), 100/100 VUs, 276702 complete and 0 interrupted iterations
default   [  97% ] 100 VUs  0m58.4s/1m0s

running (1m00.0s), 100/100 VUs, 281435 complete and 0 interrupted iterations
default   [  99% ] 100 VUs  0m59.4s/1m0s


  █ THRESHOLDS 

    http_req_failed
    ✓ 'rate<0.01' rate=0.00%


  █ TOTAL RESULTS 

    checks_total.......: 568870  9384.660244/s
    checks_succeeded...: 100.00% 568870 out of 568870
    checks_failed......: 0.00%   0 out of 568870

    ✓ get 200
    ✓ body has id

    HTTP
    http_req_duration..............: avg=921.83µs min=160.38µs med=756.93µs max=52.95ms p(90)=1.4ms   p(95)=1.6ms   p(99)=2.11ms 
      { expected_response:true }...: avg=921.83µs min=160.38µs med=756.93µs max=52.95ms p(90)=1.4ms   p(95)=1.6ms   p(99)=2.11ms 
    http_req_failed................: 0.00%  0 out of 284735
    http_reqs......................: 284735 4697.279228/s

    EXECUTION
    iteration_duration.............: avg=21.08ms  min=20.19ms  med=20.94ms  max=73.3ms  p(90)=21.53ms p(95)=21.72ms p(99)=22.31ms
    iterations.....................: 284435 4692.330122/s
    vus............................: 100    min=100         max=100
    vus_max........................: 100    min=100         max=100

    NETWORK
    data_received..................: 70 MB  1.2 MB/s
    data_sent......................: 33 MB  536 kB/s




running (1m00.6s), 000/100 VUs, 284435 complete and 0 interrupted iterations
default ✓ [ 100% ] 100 VUs  1m0s
