
         /\      Grafana   /‾‾/  
    /\  /  \     |\  __   /  /   
   /  \/    \    | |/ /  /   ‾‾\ 
  /          \   |   (  |  (‾)  |
 / __________ \  |_|\_\  \_____/ 


     execution: local
        script: benchmarks/mixed-rinha-like.js
        output: -

     scenarios: (100.00%) 1 scenario, 250 max VUs, 2m20s max duration (incl. graceful stop):
              * default: Up to 250 looping VUs for 1m50s over 4 stages (gracefulRampDown: 30s, gracefulStop: 30s)


running (0m01.0s), 002/250 VUs, 24 complete and 0 interrupted iterations
default   [   1% ] 002/250 VUs  0m01.0s/1m50.0s

running (0m02.0s), 004/250 VUs, 80 complete and 0 interrupted iterations
default   [   2% ] 004/250 VUs  0m02.0s/1m50.0s

running (0m03.0s), 006/250 VUs, 166 complete and 0 interrupted iterations
default   [   3% ] 006/250 VUs  0m03.0s/1m50.0s

running (0m04.0s), 008/250 VUs, 273 complete and 0 interrupted iterations
default   [   4% ] 008/250 VUs  0m04.0s/1m50.0s

running (0m05.0s), 010/250 VUs, 389 complete and 0 interrupted iterations
default   [   5% ] 010/250 VUs  0m05.0s/1m50.0s

running (0m06.0s), 012/250 VUs, 521 complete and 0 interrupted iterations
default   [   5% ] 012/250 VUs  0m06.0s/1m50.0s

running (0m07.0s), 014/250 VUs, 630 complete and 0 interrupted iterations
default   [   6% ] 014/250 VUs  0m07.0s/1m50.0s

running (0m08.0s), 016/250 VUs, 778 complete and 0 interrupted iterations
default   [   7% ] 016/250 VUs  0m08.0s/1m50.0s

running (0m09.0s), 018/250 VUs, 881 complete and 0 interrupted iterations
default   [   8% ] 018/250 VUs  0m09.0s/1m50.0s

running (0m10.0s), 019/250 VUs, 1022 complete and 0 interrupted iterations
default   [   9% ] 019/250 VUs  0m10.0s/1m50.0s

running (0m11.0s), 023/250 VUs, 1144 complete and 0 interrupted iterations
default   [  10% ] 023/250 VUs  0m11.0s/1m50.0s

running (0m12.0s), 027/250 VUs, 1262 complete and 0 interrupted iterations
default   [  11% ] 027/250 VUs  0m12.0s/1m50.0s

running (0m13.0s), 031/250 VUs, 1407 complete and 0 interrupted iterations
default   [  12% ] 031/250 VUs  0m13.0s/1m50.0s

running (0m14.0s), 035/250 VUs, 1579 complete and 0 interrupted iterations
default   [  13% ] 035/250 VUs  0m14.0s/1m50.0s

running (0m15.0s), 039/250 VUs, 1690 complete and 0 interrupted iterations
default   [  14% ] 039/250 VUs  0m15.0s/1m50.0s

running (0m16.0s), 043/250 VUs, 1805 complete and 0 interrupted iterations
default   [  15% ] 043/250 VUs  0m16.0s/1m50.0s

running (0m17.0s), 047/250 VUs, 1927 complete and 0 interrupted iterations
default   [  15% ] 047/250 VUs  0m17.0s/1m50.0s

running (0m18.0s), 051/250 VUs, 2091 complete and 0 interrupted iterations
default   [  16% ] 051/250 VUs  0m18.0s/1m50.0s

running (0m19.0s), 055/250 VUs, 2267 complete and 0 interrupted iterations
default   [  17% ] 055/250 VUs  0m19.0s/1m50.0s

running (0m20.0s), 059/250 VUs, 2430 complete and 0 interrupted iterations
default   [  18% ] 059/250 VUs  0m20.0s/1m50.0s

running (0m21.0s), 063/250 VUs, 2526 complete and 0 interrupted iterations
default   [  19% ] 063/250 VUs  0m21.0s/1m50.0s

running (0m22.0s), 067/250 VUs, 2641 complete and 0 interrupted iterations
default   [  20% ] 067/250 VUs  0m22.0s/1m50.0s

running (0m23.0s), 071/250 VUs, 2737 complete and 0 interrupted iterations
default   [  21% ] 071/250 VUs  0m23.0s/1m50.0s

running (0m24.0s), 075/250 VUs, 2852 complete and 0 interrupted iterations
default   [  22% ] 075/250 VUs  0m24.0s/1m50.0s

running (0m25.0s), 079/250 VUs, 2996 complete and 0 interrupted iterations
default   [  23% ] 079/250 VUs  0m25.0s/1m50.0s

running (0m26.0s), 083/250 VUs, 3127 complete and 0 interrupted iterations
default   [  24% ] 083/250 VUs  0m26.0s/1m50.0s

running (0m27.0s), 087/250 VUs, 3336 complete and 0 interrupted iterations
default   [  25% ] 087/250 VUs  0m27.0s/1m50.0s

running (0m28.0s), 091/250 VUs, 3518 complete and 0 interrupted iterations
default   [  25% ] 091/250 VUs  0m28.0s/1m50.0s

running (0m29.0s), 095/250 VUs, 3636 complete and 0 interrupted iterations
default   [  26% ] 095/250 VUs  0m29.0s/1m50.0s

running (0m30.0s), 099/250 VUs, 3791 complete and 0 interrupted iterations
default   [  27% ] 099/250 VUs  0m30.0s/1m50.0s

running (0m31.0s), 102/250 VUs, 3936 complete and 0 interrupted iterations
default   [  28% ] 102/250 VUs  0m31.0s/1m50.0s

running (0m32.0s), 104/250 VUs, 4021 complete and 0 interrupted iterations
default   [  29% ] 104/250 VUs  0m32.0s/1m50.0s

running (0m33.0s), 107/250 VUs, 4137 complete and 0 interrupted iterations
default   [  30% ] 107/250 VUs  0m33.0s/1m50.0s

running (0m34.0s), 109/250 VUs, 4232 complete and 0 interrupted iterations
default   [  31% ] 109/250 VUs  0m34.0s/1m50.0s

running (0m35.0s), 112/250 VUs, 4352 complete and 0 interrupted iterations
default   [  32% ] 112/250 VUs  0m35.0s/1m50.0s

running (0m36.0s), 114/250 VUs, 4455 complete and 0 interrupted iterations
default   [  33% ] 114/250 VUs  0m36.0s/1m50.0s

running (0m37.0s), 117/250 VUs, 4549 complete and 0 interrupted iterations
default   [  34% ] 117/250 VUs  0m37.0s/1m50.0s

running (0m38.0s), 119/250 VUs, 4683 complete and 0 interrupted iterations
default   [  35% ] 119/250 VUs  0m38.0s/1m50.0s

running (0m39.0s), 122/250 VUs, 4794 complete and 0 interrupted iterations
default   [  35% ] 122/250 VUs  0m39.0s/1m50.0s

running (0m40.0s), 124/250 VUs, 4940 complete and 0 interrupted iterations
default   [  36% ] 124/250 VUs  0m40.0s/1m50.0s

running (0m41.0s), 127/250 VUs, 5121 complete and 0 interrupted iterations
default   [  37% ] 127/250 VUs  0m41.0s/1m50.0s

running (0m42.0s), 129/250 VUs, 5282 complete and 0 interrupted iterations
default   [  38% ] 129/250 VUs  0m42.0s/1m50.0s

running (0m43.0s), 132/250 VUs, 5458 complete and 0 interrupted iterations
default   [  39% ] 132/250 VUs  0m43.0s/1m50.0s

running (0m44.0s), 134/250 VUs, 5590 complete and 0 interrupted iterations
default   [  40% ] 134/250 VUs  0m44.0s/1m50.0s

running (0m45.0s), 137/250 VUs, 5713 complete and 0 interrupted iterations
default   [  41% ] 137/250 VUs  0m45.0s/1m50.0s

running (0m46.0s), 139/250 VUs, 5849 complete and 0 interrupted iterations
default   [  42% ] 139/250 VUs  0m46.0s/1m50.0s

running (0m47.0s), 142/250 VUs, 5987 complete and 0 interrupted iterations
default   [  43% ] 142/250 VUs  0m47.0s/1m50.0s

running (0m48.0s), 144/250 VUs, 6114 complete and 0 interrupted iterations
default   [  44% ] 144/250 VUs  0m48.0s/1m50.0s

running (0m49.0s), 147/250 VUs, 6253 complete and 0 interrupted iterations
default   [  45% ] 147/250 VUs  0m49.0s/1m50.0s

running (0m50.0s), 149/250 VUs, 6365 complete and 0 interrupted iterations
default   [  45% ] 149/250 VUs  0m50.0s/1m50.0s

running (0m51.0s), 152/250 VUs, 6459 complete and 0 interrupted iterations
default   [  46% ] 152/250 VUs  0m51.0s/1m50.0s

running (0m52.0s), 154/250 VUs, 6557 complete and 0 interrupted iterations
default   [  47% ] 154/250 VUs  0m52.0s/1m50.0s

running (0m53.0s), 157/250 VUs, 6671 complete and 0 interrupted iterations
default   [  48% ] 157/250 VUs  0m53.0s/1m50.0s

running (0m54.0s), 159/250 VUs, 6779 complete and 0 interrupted iterations
default   [  49% ] 159/250 VUs  0m54.0s/1m50.0s

running (0m55.0s), 162/250 VUs, 6903 complete and 0 interrupted iterations
default   [  50% ] 162/250 VUs  0m55.0s/1m50.0s

running (0m56.0s), 164/250 VUs, 6984 complete and 0 interrupted iterations
default   [  51% ] 164/250 VUs  0m56.0s/1m50.0s

running (0m57.0s), 167/250 VUs, 7121 complete and 0 interrupted iterations
default   [  52% ] 167/250 VUs  0m57.0s/1m50.0s

running (0m58.0s), 169/250 VUs, 7222 complete and 0 interrupted iterations
default   [  53% ] 169/250 VUs  0m58.0s/1m50.0s

running (0m59.0s), 172/250 VUs, 7347 complete and 0 interrupted iterations
default   [  54% ] 172/250 VUs  0m59.0s/1m50.0s

running (1m00.0s), 174/250 VUs, 7453 complete and 0 interrupted iterations
default   [  55% ] 174/250 VUs  1m00.0s/1m50.0s

running (1m01.0s), 177/250 VUs, 7592 complete and 0 interrupted iterations
default   [  55% ] 177/250 VUs  1m01.0s/1m50.0s

running (1m02.0s), 179/250 VUs, 7753 complete and 0 interrupted iterations
default   [  56% ] 179/250 VUs  1m02.0s/1m50.0s

running (1m03.0s), 182/250 VUs, 7921 complete and 0 interrupted iterations
default   [  57% ] 182/250 VUs  1m03.0s/1m50.0s

running (1m04.0s), 184/250 VUs, 8067 complete and 0 interrupted iterations
default   [  58% ] 184/250 VUs  1m04.0s/1m50.0s

running (1m05.0s), 187/250 VUs, 8242 complete and 0 interrupted iterations
default   [  59% ] 187/250 VUs  1m05.0s/1m50.0s

running (1m06.0s), 189/250 VUs, 8383 complete and 0 interrupted iterations
default   [  60% ] 189/250 VUs  1m06.0s/1m50.0s

running (1m07.0s), 192/250 VUs, 8532 complete and 0 interrupted iterations
default   [  61% ] 192/250 VUs  1m07.0s/1m50.0s

running (1m08.0s), 194/250 VUs, 8670 complete and 0 interrupted iterations
default   [  62% ] 194/250 VUs  1m08.0s/1m50.0s

running (1m09.0s), 197/250 VUs, 8795 complete and 0 interrupted iterations
default   [  63% ] 197/250 VUs  1m09.0s/1m50.0s

running (1m10.0s), 199/250 VUs, 8949 complete and 0 interrupted iterations
default   [  64% ] 199/250 VUs  1m10.0s/1m50.0s

running (1m11.0s), 202/250 VUs, 9054 complete and 0 interrupted iterations
default   [  65% ] 202/250 VUs  1m11.0s/1m50.0s

running (1m12.0s), 204/250 VUs, 9213 complete and 0 interrupted iterations
default   [  65% ] 204/250 VUs  1m12.0s/1m50.0s

running (1m13.0s), 207/250 VUs, 9308 complete and 0 interrupted iterations
default   [  66% ] 207/250 VUs  1m13.0s/1m50.0s

running (1m14.0s), 209/250 VUs, 9467 complete and 0 interrupted iterations
default   [  67% ] 209/250 VUs  1m14.0s/1m50.0s

running (1m15.0s), 212/250 VUs, 9555 complete and 0 interrupted iterations
default   [  68% ] 212/250 VUs  1m15.0s/1m50.0s

running (1m16.0s), 214/250 VUs, 9691 complete and 0 interrupted iterations
default   [  69% ] 214/250 VUs  1m16.0s/1m50.0s

running (1m17.0s), 217/250 VUs, 9793 complete and 0 interrupted iterations
default   [  70% ] 217/250 VUs  1m17.0s/1m50.0s

running (1m18.0s), 219/250 VUs, 9902 complete and 0 interrupted iterations
default   [  71% ] 219/250 VUs  1m18.0s/1m50.0s

running (1m19.0s), 222/250 VUs, 10006 complete and 0 interrupted iterations
default   [  72% ] 222/250 VUs  1m19.0s/1m50.0s

running (1m20.0s), 224/250 VUs, 10095 complete and 0 interrupted iterations
default   [  73% ] 224/250 VUs  1m20.0s/1m50.0s

running (1m21.0s), 227/250 VUs, 10231 complete and 0 interrupted iterations
default   [  74% ] 227/250 VUs  1m21.0s/1m50.0s

running (1m22.0s), 229/250 VUs, 10345 complete and 0 interrupted iterations
default   [  75% ] 229/250 VUs  1m22.0s/1m50.0s

running (1m23.0s), 232/250 VUs, 10432 complete and 0 interrupted iterations
default   [  75% ] 232/250 VUs  1m23.0s/1m50.0s

running (1m24.0s), 234/250 VUs, 10562 complete and 0 interrupted iterations
default   [  76% ] 234/250 VUs  1m24.0s/1m50.0s

running (1m25.0s), 237/250 VUs, 10656 complete and 0 interrupted iterations
default   [  77% ] 237/250 VUs  1m25.0s/1m50.0s

running (1m26.0s), 239/250 VUs, 10763 complete and 0 interrupted iterations
default   [  78% ] 239/250 VUs  1m26.0s/1m50.0s

running (1m27.0s), 242/250 VUs, 10878 complete and 0 interrupted iterations
default   [  79% ] 242/250 VUs  1m27.0s/1m50.0s

running (1m28.0s), 244/250 VUs, 11003 complete and 0 interrupted iterations
default   [  80% ] 244/250 VUs  1m28.0s/1m50.0s

running (1m29.0s), 247/250 VUs, 11126 complete and 0 interrupted iterations
default   [  81% ] 247/250 VUs  1m29.0s/1m50.0s

running (1m30.0s), 249/250 VUs, 11225 complete and 0 interrupted iterations
default   [  82% ] 249/250 VUs  1m30.0s/1m50.0s

running (1m31.0s), 249/250 VUs, 11335 complete and 0 interrupted iterations
default   [  83% ] 249/250 VUs  1m31.0s/1m50.0s

running (1m32.0s), 243/250 VUs, 11480 complete and 0 interrupted iterations
default   [  84% ] 243/250 VUs  1m32.0s/1m50.0s

running (1m33.0s), 230/250 VUs, 11602 complete and 0 interrupted iterations
default   [  85% ] 230/250 VUs  1m33.0s/1m50.0s

running (1m34.0s), 213/250 VUs, 11775 complete and 0 interrupted iterations
default   [  85% ] 213/250 VUs  1m34.0s/1m50.0s

running (1m35.0s), 202/250 VUs, 11902 complete and 0 interrupted iterations
default   [  86% ] 202/250 VUs  1m35.0s/1m50.0s

running (1m36.0s), 187/250 VUs, 12029 complete and 0 interrupted iterations
default   [  87% ] 187/250 VUs  1m36.0s/1m50.0s

running (1m37.0s), 171/250 VUs, 12229 complete and 0 interrupted iterations
default   [  88% ] 171/250 VUs  1m37.0s/1m50.0s

running (1m38.0s), 157/250 VUs, 12398 complete and 0 interrupted iterations
default   [  89% ] 157/250 VUs  1m38.0s/1m50.0s

running (1m39.0s), 151/250 VUs, 12505 complete and 0 interrupted iterations
default   [  90% ] 151/250 VUs  1m39.0s/1m50.0s

running (1m40.0s), 134/250 VUs, 12638 complete and 0 interrupted iterations
default   [  91% ] 134/250 VUs  1m40.0s/1m50.0s

running (1m41.0s), 121/250 VUs, 12764 complete and 0 interrupted iterations
default   [  92% ] 121/250 VUs  1m41.0s/1m50.0s

running (1m42.0s), 110/250 VUs, 12880 complete and 0 interrupted iterations
default   [  93% ] 110/250 VUs  1m42.0s/1m50.0s

running (1m43.0s), 092/250 VUs, 12991 complete and 0 interrupted iterations
default   [  94% ] 092/250 VUs  1m43.0s/1m50.0s

running (1m44.0s), 084/250 VUs, 13116 complete and 0 interrupted iterations
default   [  95% ] 084/250 VUs  1m44.0s/1m50.0s

running (1m45.0s), 071/250 VUs, 13228 complete and 0 interrupted iterations
default   [  95% ] 071/250 VUs  1m45.0s/1m50.0s

running (1m46.0s), 057/250 VUs, 13322 complete and 0 interrupted iterations
default   [  96% ] 057/250 VUs  1m46.0s/1m50.0s

running (1m47.0s), 042/250 VUs, 13432 complete and 0 interrupted iterations
default   [  97% ] 042/250 VUs  1m47.0s/1m50.0s

running (1m48.0s), 028/250 VUs, 13537 complete and 0 interrupted iterations
default   [  98% ] 028/250 VUs  1m48.0s/1m50.0s

running (1m49.0s), 015/250 VUs, 13641 complete and 0 interrupted iterations
default   [  99% ] 015/250 VUs  1m49.0s/1m50.0s

running (1m50.0s), 002/250 VUs, 13729 complete and 0 interrupted iterations
default   [ 100% ] 002/250 VUs  1m50.0s/1m50.0s


  █ THRESHOLDS 

    http_req_failed{expected_response:true}
    ✓ 'rate<0.05' rate=0.00%


  █ TOTAL RESULTS 

    checks_total.......: 23243   211.209476/s
    checks_succeeded...: 100.00% 23243 out of 23243
    checks_failed......: 0.00%   0 out of 23243

    ✓ create 201
    ✓ get 200
    ✓ search 200
    ✓ invalid 400
    ✓ count 200

    HTTP
    http_req_duration..............: avg=590.74ms min=112.32µs med=570.81ms max=1.91s p(90)=1.17s p(95)=1.31s p(99)=1.57s
      { expected_response:true }...: avg=622.38ms min=195.51µs med=598.56ms max=1.91s p(90)=1.18s p(95)=1.33s p(99)=1.57s
    http_req_failed................: 5.08%  1182 out of 23243
      { expected_response:true }...: 0.00%  0 out of 22061
    http_reqs......................: 23243  211.209476/s

    EXECUTION
    iteration_duration.............: avg=1.05s    min=50.17ms  med=979.41ms max=3.39s p(90)=2.2s  p(95)=2.49s p(99)=3.01s
    iterations.....................: 13732  124.782882/s
    vus............................: 2      min=2             max=249
    vus_max........................: 250    min=250           max=250

    NETWORK
    data_received..................: 23 MB  205 kB/s
    data_sent......................: 3.6 MB 33 kB/s




running (1m50.0s), 000/250 VUs, 13732 complete and 0 interrupted iterations
default ✓ [ 100% ] 000/250 VUs  1m50s
