
         /\      Grafana   /‾‾/  
    /\  /  \     |\  __   /  /   
   /  \/    \    | |/ /  /   ‾‾\ 
  /          \   |   (  |  (‾)  |
 / __________ \  |_|\_\  \_____/ 


     execution: local
        script: benchmarks/smoke.js
        output: -

     scenarios: (100.00%) 1 scenario, 10 max VUs, 1m0s max duration (incl. graceful stop):
              * default: 10 looping VUs for 30s (gracefulStop: 30s)


running (0m01.0s), 10/10 VUs, 58 complete and 0 interrupted iterations
default   [   3% ] 10 VUs  01.0s/30s

running (0m02.0s), 10/10 VUs, 152 complete and 0 interrupted iterations
default   [   7% ] 10 VUs  02.0s/30s

running (0m03.0s), 10/10 VUs, 242 complete and 0 interrupted iterations
default   [  10% ] 10 VUs  03.0s/30s

running (0m04.0s), 10/10 VUs, 326 complete and 0 interrupted iterations
default   [  13% ] 10 VUs  04.0s/30s

running (0m05.0s), 10/10 VUs, 420 complete and 0 interrupted iterations
default   [  17% ] 10 VUs  05.0s/30s

running (0m06.0s), 10/10 VUs, 510 complete and 0 interrupted iterations
default   [  20% ] 10 VUs  06.0s/30s

running (0m07.0s), 10/10 VUs, 600 complete and 0 interrupted iterations
default   [  23% ] 10 VUs  07.0s/30s

running (0m08.0s), 10/10 VUs, 690 complete and 0 interrupted iterations
default   [  27% ] 10 VUs  08.0s/30s

running (0m09.0s), 10/10 VUs, 784 complete and 0 interrupted iterations
default   [  30% ] 10 VUs  09.0s/30s

running (0m10.0s), 10/10 VUs, 868 complete and 0 interrupted iterations
default   [  33% ] 10 VUs  10.0s/30s

running (0m11.0s), 10/10 VUs, 958 complete and 0 interrupted iterations
default   [  37% ] 10 VUs  11.0s/30s

running (0m12.0s), 10/10 VUs, 1048 complete and 0 interrupted iterations
default   [  40% ] 10 VUs  12.0s/30s

running (0m13.0s), 10/10 VUs, 1138 complete and 0 interrupted iterations
default   [  43% ] 10 VUs  13.0s/30s

running (0m14.0s), 10/10 VUs, 1232 complete and 0 interrupted iterations
default   [  47% ] 10 VUs  14.0s/30s

running (0m15.0s), 10/10 VUs, 1322 complete and 0 interrupted iterations
default   [  50% ] 10 VUs  15.0s/30s

running (0m16.0s), 10/10 VUs, 1406 complete and 0 interrupted iterations
default   [  53% ] 10 VUs  16.0s/30s

running (0m17.0s), 10/10 VUs, 1496 complete and 0 interrupted iterations
default   [  57% ] 10 VUs  17.0s/30s

running (0m18.0s), 10/10 VUs, 1590 complete and 0 interrupted iterations
default   [  60% ] 10 VUs  18.0s/30s

running (0m19.0s), 10/10 VUs, 1680 complete and 0 interrupted iterations
default   [  63% ] 10 VUs  19.0s/30s

running (0m20.0s), 10/10 VUs, 1770 complete and 0 interrupted iterations
default   [  67% ] 10 VUs  20.0s/30s

running (0m21.0s), 10/10 VUs, 1860 complete and 0 interrupted iterations
default   [  70% ] 10 VUs  21.0s/30s

running (0m22.0s), 10/10 VUs, 1944 complete and 0 interrupted iterations
default   [  73% ] 10 VUs  22.0s/30s

running (0m23.0s), 10/10 VUs, 2038 complete and 0 interrupted iterations
default   [  77% ] 10 VUs  23.0s/30s

running (0m24.0s), 10/10 VUs, 2128 complete and 0 interrupted iterations
default   [  80% ] 10 VUs  24.0s/30s

running (0m25.0s), 10/10 VUs, 2218 complete and 0 interrupted iterations
default   [  83% ] 10 VUs  25.0s/30s

running (0m26.0s), 10/10 VUs, 2308 complete and 0 interrupted iterations
default   [  87% ] 10 VUs  26.0s/30s

running (0m27.0s), 10/10 VUs, 2402 complete and 0 interrupted iterations
default   [  90% ] 10 VUs  27.0s/30s

running (0m28.0s), 10/10 VUs, 2486 complete and 0 interrupted iterations
default   [  93% ] 10 VUs  28.0s/30s

running (0m29.0s), 10/10 VUs, 2576 complete and 0 interrupted iterations
default   [  97% ] 10 VUs  29.0s/30s

running (0m30.0s), 10/10 VUs, 2666 complete and 0 interrupted iterations
default   [ 100% ] 10 VUs  30.0s/30s


  █ THRESHOLDS 

    http_req_failed{expected_response:true}
    ✓ 'rate<0.01' rate=0.00%


  █ TOTAL RESULTS 

    checks_total.......: 13380   445.189686/s
    checks_succeeded...: 100.00% 13380 out of 13380
    checks_failed......: 0.00%   0 out of 13380

    ✓ create 201
    ✓ get 200
    ✓ search 200
    ✓ invalid search 400
    ✓ count 200

    HTTP
    http_req_duration..............: avg=2.32ms   min=62.73µs  med=584.55µs max=278.83ms p(90)=6.86ms  p(95)=8.8ms    p(99)=12.25ms 
      { expected_response:true }...: avg=2.84ms   min=146.8µs  med=772.14µs max=278.83ms p(90)=7.75ms  p(95)=9.58ms   p(99)=12.39ms 
    http_req_failed................: 20.00% 2676 out of 13380
      { expected_response:true }...: 0.00%  0 out of 10704
    http_reqs......................: 13380  445.189686/s

    EXECUTION
    iteration_duration.............: avg=112.26ms min=102.87ms med=111.97ms max=480.76ms p(90)=114.2ms p(95)=114.59ms p(99)=115.99ms
    iterations.....................: 2676   89.037937/s
    vus............................: 10     min=10            max=10
    vus_max........................: 10     min=10            max=10

    NETWORK
    data_received..................: 22 MB  725 kB/s
    data_sent......................: 1.6 MB 53 kB/s




running (0m30.1s), 00/10 VUs, 2676 complete and 0 interrupted iterations
default ✓ [ 100% ] 10 VUs  30s
