
         /\      Grafana   /‾‾/  
    /\  /  \     |\  __   /  /   
   /  \/    \    | |/ /  /   ‾‾\ 
  /          \   |   (  |  (‾)  |
 / __________ \  |_|\_\  \_____/ 


     execution: local
        script: benchmarks/contract-ko.js
        output: -

     scenarios: (100.00%) 1 scenario, 1 max VUs, 10m30s max duration (incl. graceful stop):
              * default: 1 iterations shared among 1 VUs (maxDuration: 10m0s, gracefulStop: 30s)



  █ THRESHOLDS 

    http_req_failed{expected_response:true}
    ✓ 'rate<0.01' rate=0.00%


  █ TOTAL RESULTS 

    checks_total.......: 8       920.362103/s
    checks_succeeded...: 100.00% 8 out of 8
    checks_failed......: 0.00%   0 out of 8

    ✓ valid create 201
    ✓ duplicate 422
    ✓ invalid json 400
    ✓ empty body 400 or 422
    ✓ invalid field 422
    ✓ missing term 400
    ✓ not found 404
    ✓ count 200

    HTTP
    http_req_duration..............: avg=988.85µs min=78.12µs  med=186.77µs max=5.91ms p(90)=2.31ms p(95)=4.11ms p(99)=5.55ms
      { expected_response:true }...: avg=3.25ms   min=602.35µs med=3.25ms   max=5.91ms p(90)=5.38ms p(95)=5.65ms p(99)=5.86ms
    http_req_failed................: 75.00% 6 out of 8
      { expected_response:true }...: 0.00%  0 out of 2
    http_reqs......................: 8      920.362103/s

    EXECUTION
    iteration_duration.............: avg=8.61ms   min=8.61ms   med=8.61ms   max=8.61ms p(90)=8.61ms p(95)=8.61ms p(99)=8.61ms
    iterations.....................: 1      115.045263/s

    NETWORK
    data_received..................: 1.2 kB 134 kB/s
    data_sent......................: 1.2 kB 135 kB/s




running (00m00.0s), 0/1 VUs, 1 complete and 0 interrupted iterations
default ✓ [ 100% ] 1 VUs  00m00.0s/10m0s  1/1 shared iters
