
         /\      Grafana   /‾‾/  
    /\  /  \     |\  __   /  /   
   /  \/    \    | |/ /  /   ‾‾\ 
  /          \   |   (  |  (‾)  |
 / __________ \  |_|\_\  \_____/ 


     execution: local
        script: /b/smoke.js
        output: -

     scenarios: (100.00%) 1 scenario, 10 max VUs, 1m0s max duration (incl. graceful stop):
              * default: 10 looping VUs for 30s (gracefulStop: 30s)


running (0m01.0s), 10/10 VUs, 80 complete and 0 interrupted iterations
default   [   3% ] 10 VUs  01.0s/30s

running (0m02.0s), 10/10 VUs, 163 complete and 0 interrupted iterations
default   [   7% ] 10 VUs  02.0s/30s

running (0m03.0s), 10/10 VUs, 243 complete and 0 interrupted iterations
default   [  10% ] 10 VUs  03.0s/30s

running (0m04.0s), 10/10 VUs, 316 complete and 0 interrupted iterations
default   [  13% ] 10 VUs  04.0s/30s

running (0m05.0s), 10/10 VUs, 406 complete and 0 interrupted iterations
default   [  17% ] 10 VUs  05.0s/30s

running (0m06.0s), 10/10 VUs, 496 complete and 0 interrupted iterations
default   [  20% ] 10 VUs  06.0s/30s

running (0m07.0s), 10/10 VUs, 576 complete and 0 interrupted iterations
default   [  23% ] 10 VUs  07.0s/30s

running (0m08.0s), 10/10 VUs, 666 complete and 0 interrupted iterations
default   [  27% ] 10 VUs  08.0s/30s

running (0m09.0s), 10/10 VUs, 750 complete and 0 interrupted iterations
default   [  30% ] 10 VUs  09.0s/30s

running (0m10.0s), 10/10 VUs, 839 complete and 0 interrupted iterations
default   [  33% ] 10 VUs  10.0s/30s

running (0m11.0s), 10/10 VUs, 910 complete and 0 interrupted iterations
default   [  37% ] 10 VUs  11.0s/30s

running (0m12.0s), 10/10 VUs, 996 complete and 0 interrupted iterations
default   [  40% ] 10 VUs  12.0s/30s

running (0m13.0s), 10/10 VUs, 1086 complete and 0 interrupted iterations
default   [  43% ] 10 VUs  13.0s/30s

running (0m14.0s), 10/10 VUs, 1162 complete and 0 interrupted iterations
default   [  47% ] 10 VUs  14.0s/30s

running (0m15.0s), 10/10 VUs, 1244 complete and 0 interrupted iterations
default   [  50% ] 10 VUs  15.0s/30s

running (0m16.0s), 10/10 VUs, 1333 complete and 0 interrupted iterations
default   [  53% ] 10 VUs  16.0s/30s

running (0m17.0s), 10/10 VUs, 1422 complete and 0 interrupted iterations
default   [  57% ] 10 VUs  17.0s/30s

running (0m18.0s), 10/10 VUs, 1489 complete and 0 interrupted iterations
default   [  60% ] 10 VUs  18.0s/30s

running (0m19.0s), 10/10 VUs, 1579 complete and 0 interrupted iterations
default   [  63% ] 10 VUs  19.0s/30s

running (0m20.0s), 10/10 VUs, 1660 complete and 0 interrupted iterations
default   [  67% ] 10 VUs  20.0s/30s

running (0m21.0s), 10/10 VUs, 1748 complete and 0 interrupted iterations
default   [  70% ] 10 VUs  21.0s/30s

running (0m22.0s), 10/10 VUs, 1816 complete and 0 interrupted iterations
default   [  73% ] 10 VUs  22.0s/30s

running (0m23.0s), 10/10 VUs, 1900 complete and 0 interrupted iterations
default   [  77% ] 10 VUs  23.0s/30s

running (0m24.0s), 10/10 VUs, 1989 complete and 0 interrupted iterations
default   [  80% ] 10 VUs  24.0s/30s

running (0m25.0s), 10/10 VUs, 2071 complete and 0 interrupted iterations
default   [  83% ] 10 VUs  25.0s/30s

running (0m26.0s), 10/10 VUs, 2148 complete and 0 interrupted iterations
default   [  87% ] 10 VUs  26.0s/30s

running (0m27.0s), 10/10 VUs, 2238 complete and 0 interrupted iterations
default   [  90% ] 10 VUs  27.0s/30s

running (0m28.0s), 10/10 VUs, 2321 complete and 0 interrupted iterations
default   [  93% ] 10 VUs  28.0s/30s

running (0m29.0s), 10/10 VUs, 2394 complete and 0 interrupted iterations
default   [  97% ] 10 VUs  29.0s/30s

running (0m30.0s), 10/10 VUs, 2480 complete and 0 interrupted iterations
default   [ 100% ] 10 VUs  30.0s/30s


  █ THRESHOLDS 

    http_req_failed{expected_response:true}
    ✓ 'rate<0.01' rate=0.00%


  █ TOTAL RESULTS 

    checks_total.......: 12450   413.488796/s
    checks_succeeded...: 100.00% 12450 out of 12450
    checks_failed......: 0.00%   0 out of 12450

    ✓ create 201
    ✓ get 200
    ✓ search 200
    ✓ invalid search 400
    ✓ count 200

    HTTP
    http_req_duration..............: avg=3.79ms   min=60.8µs   med=2.2ms    max=89.38ms  p(90)=4.79ms   p(95)=5.76ms   p(99)=79.4ms  
      { expected_response:true }...: avg=4.43ms   min=303.62µs med=2.58ms   max=89.38ms  p(90)=5.12ms   p(95)=6.02ms   p(99)=80.45ms 
    http_req_failed................: 20.00% 2490 out of 12450
      { expected_response:true }...: 0.00%  0 out of 9960
    http_reqs......................: 12450  413.488796/s

    EXECUTION
    iteration_duration.............: avg=120.85ms min=103.8ms  med=113.82ms max=278.22ms p(90)=127.97ms p(95)=191.35ms p(99)=200.54ms
    iterations.....................: 2490   82.697759/s
    vus............................: 10     min=10            max=10
    vus_max........................: 10     min=10            max=10

    NETWORK
    data_received..................: 20 MB  674 kB/s
    data_sent......................: 1.4 MB 47 kB/s




running (0m30.1s), 00/10 VUs, 2490 complete and 0 interrupted iterations
default ✓ [ 100% ] 10 VUs  30s
